<?xml version="1.0" encoding="utf-8"?><testsuites><testsuite name="pytest" errors="0" failures="0" skipped="0" tests="2" time="4.991" timestamp="2025-04-19T23:21:08.677533+05:30" hostname="LAPTOP-EL3LQINO"><testcase classname="tests.test_app" name="test_login_page" time="0.008" /><testcase classname="tests.test_app" name="test_protected_redirect" time="0.001" /></testsuite></testsuites>